
≡ƒº¬ YOUTUBE MR BEAST SEARCH WORKFLOW TEST
Session: test-youtube-mr-beast-1771236138646
Model: arcee-ai/trinity-large-preview:free

≡ƒÄ» Starting workflow test...

================================================================================
≡ƒôñ REQUEST: "open chrome then search for youtube and on it search for mr beast"
================================================================================

0:{"type":"connection"}
0:{"type":"text-delta","textDelta":"I"}
0:{"type":"text-delta","textDelta":"'ll"}
0:{"type":"text-delta","textDelta":" help"}
0:{"type":"text-delta","textDelta":" you"}
0:{"type":"text-delta","textDelta":" open"}
0:{"type":"text-delta","textDelta":" Chrome"}
0:{"type":"text-delta","textDelta":","}
0:{"type":"text-delta","textDelta":" navigate"}
0:{"type":"text-delta","textDelta":" to"}
0:{"type":"text-delta","textDelta":" YouTube"}
0:{"type":"text-delta","textDelta":","}
0:{"type":"text-delta","textDelta":" and"}
0:{"type":"text-delta","textDelta":" search"}
0:{"type":"text-delta","textDelta":" for"}
0:{"type":"text-delta","textDelta":" Mr"}
0:{"type":"text-delta","textDelta":" Beast"}
0:{"type":"text-delta","textDelta":"."}
0:{"type":"text-delta","textDelta":" Let"}
0:{"type":"text-delta","textDelta":" me"}
0:{"type":"text-delta","textDelta":" follow"}
0:{"type":"text-delta","textDelta":" the"}
0:{"type":"text-delta","textDelta":" workflow"}
0:{"type":"text-delta","textDelta":" step"}
0:{"type":"text-delta","textDelta":" by"}
0:{"type":"text-delta","textDelta":" step"}
0:{"type":"text-delta","textDelta":".\n"}
0:{"type":"tool-call-start","toolCallId":"call-9d6ee907-db3a-4ed7-9745-e20e12dc8e6a","toolName":"windows_take_screenshot","args":{}}
0:{"type":"desktop-tool-output","toolCallId":"call-9d6ee907-db3a-4ed7-9745-e20e12dc8e6a","toolName":"windows_take_screenshot","args":{},"output":"Screenshot captured successfully","status":"success","duration":4904}
0:{"type":"screenshot-data","screenshotId":"screenshot_1771236151545_a8pgnwzcw","hasImageData":true,"hasScreenData":false,"imageDataLength":1653088,"timestamp":"2026-02-16T10:02:31.545Z"}
0:{"type":"text-delta","textDelta":"Currently"}
0:{"type":"text-delta","textDelta":" focused"}
0:{"type":"text-delta","textDelta":" window"}
0:{"type":"text-delta","textDelta":":"}
0:{"type":"text-delta","textDelta":" Desktop"}
0:{"type":"text-delta","textDelta":" ("}
0:{"type":"text-delta","textDelta":"Program"}
0:{"type":"text-delta","textDelta":" Manager"}
0:{"type":"heartbeat","timestamp":1771236155576,"streamId":"openrouter-1771236140577-qr5ufmmnl"}
0:{"type":"text-delta","textDelta":")."}
0:{"type":"text-delta","textDelta":" I"}
0:{"type":"text-delta","textDelta":" can"}
0:{"type":"text-delta","textDelta":" see"}
0:{"type":"text-delta","textDelta":" desktop"}
0:{"type":"text-delta","textDelta":" icons"}
0:{"type":"text-delta","textDelta":" including"}
0:{"type":"text-delta","textDelta":" Google"}
0:{"type":"text-delta","textDelta":" Chrome"}
0:{"type":"text-delta","textDelta":" at"}
0:{"type":"text-delta","textDelta":" ("}
0:{"type":"text-delta","textDelta":"0"}
0:{"type":"text-delta","textDelta":","}
0:{"type":"text-delta","textDelta":" "}
0:{"type":"text-delta","textDelta":"105"}
0:{"type":"text-delta","textDelta":")"}
0:{"type":"text-delta","textDelta":" and"}
0:{"type":"text-delta","textDelta":" Microsoft"}
0:{"type":"text-delta","textDelta":" Edge"}
0:{"type":"text-delta","textDelta":" at"}
0:{"type":"text-delta","textDelta":" ("}
0:{"type":"text-delta","textDelta":"0,"}
0:{"type":"text-delta","textDelta":" "}
0:{"type":"text-delta","textDelta":"205"}
0:{"type":"text-delta","textDelta":")."}
0:{"type":"text-delta","textDelta":" I"}
0:{"type":"text-delta","textDelta":"'ll"}
0:{"type":"text-delta","textDelta":" open"}
0:{"type":"text-delta","textDelta":" Chrome"}
0:{"type":"text-delta","textDelta":" by"}
0:{"type":"text-delta","textDelta":" double"}
0:{"type":"text-delta","textDelta":"-clicking"}
0:{"type":"text-delta","textDelta":" the"}
0:{"type":"text-delta","textDelta":" Chrome"}
0:{"type":"text-delta","textDelta":" icon"}
0:{"type":"text-delta","textDelta":".\n"}
0:{"type":"tool-call-start","toolCallId":"chatcmpl-tool-907e8f164ea88d66","toolName":"windows_click_mouse","args":{"x":0,"y":105,"double":true}}
0:{"type":"desktop-tool-output","toolCallId":"chatcmpl-tool-907e8f164ea88d66","toolName":"windows_click_mouse","args":{"x":0,"y":105,"double":true},"output":"Successfully clicked left button at (0, 105) with human-like movement","status":"success","duration":4322}
0:{"type":"done"}


================================================================================
≡ƒôè WORKFLOW TEST COMPLETE
================================================================================

Check the output above to see if the AI:
1. Opened Chrome
2. Navigated to YouTube
3. Searched for "mr beast"
4. Completed without saying "Stopped to prevent repeating"

